// Jest Snapshot v1, https://goo.gl/fbAQLP

exports[`DownloadReleases component renders correctly 1`] = `
<div>
  <div
    className="upcoming-releases"
  >
    <div
      className="react-tabs"
      data-tabs={true}
      onClick={[Function]}
      onKeyDown={[Function]}
    >
      <ul
        className="react-tabs__tab-list"
        role="tablist"
      >
        <li
          aria-controls="react-tabs-1"
          aria-disabled="false"
          aria-selected="true"
          className="react-tabs__tab react-tabs__tab--selected"
          id="react-tabs-0"
          role="tab"
          tabIndex="0"
        >
          Node.js 12
        </li>
        <li
          aria-controls="react-tabs-3"
          aria-disabled="false"
          aria-selected="false"
          className="react-tabs__tab"
          id="react-tabs-2"
          role="tab"
          tabIndex={null}
        >
          Node.js 13
        </li>
        <li
          aria-controls="react-tabs-5"
          aria-disabled="false"
          aria-selected="false"
          className="react-tabs__tab"
          id="react-tabs-4"
          role="tab"
          tabIndex={null}
        >
          Node.js 14
        </li>
        <li
          aria-controls="react-tabs-7"
          aria-disabled="false"
          aria-selected="false"
          className="react-tabs__tab"
          id="react-tabs-6"
          role="tab"
          tabIndex={null}
        >
          Node.js 15
        </li>
      </ul>
      <div
        aria-labelledby="react-tabs-0"
        className="react-tabs__tab-panel react-tabs__tab-panel--selected"
        id="react-tabs-1"
        role="tabpanel"
      >
        <div
          className="upcoming-releases__panel"
        >
          <div
            className="upcoming-releases__item--current"
          >
            <img
              alt="hexagon icon"
              src="test-file-stub"
            />
            <p
              className="release-title"
            >
              Current
            </p>
            <p
              className="release-date"
            >
              Released
               
              2019-04-23
            </p>
          </div>
          <div
            className="upcoming-releases__item--lts"
          >
            <img
              alt="hexagon icon"
              src="test-file-stub"
            />
            <p
              className="release-title"
            >
              LTS
            </p>
            <p
              className="release-date"
            >
              Released
               
              2019-10-21
            </p>
          </div>
          <div
            className="upcoming-releases__item--maintenance"
          >
            <img
              alt="hexagon icon"
              src="test-file-stub"
            />
            <p
              className="release-title"
            >
              Maintenance Release
            </p>
            <p
              className="release-date"
            >
              Released
               
              2020-10-20
            </p>
          </div>
          <div
            className="upcoming-releases__item--endoflife"
          >
            <img
              alt="hexagon icon"
              src="test-file-stub"
            />
            <p
              className="release-title"
            >
              End-of-life Release
            </p>
            <p
              className="release-date"
            >
              Released
               
              2022-04-30
            </p>
          </div>
        </div>
      </div>
      <div
        aria-labelledby="react-tabs-2"
        className="react-tabs__tab-panel"
        id="react-tabs-3"
        role="tabpanel"
      />
      <div
        aria-labelledby="react-tabs-4"
        className="react-tabs__tab-panel"
        id="react-tabs-5"
        role="tabpanel"
      />
      <div
        aria-labelledby="react-tabs-6"
        className="react-tabs__tab-panel"
        id="react-tabs-7"
        role="tabpanel"
      />
    </div>
  </div>
</div>
`;
